Component: ARM Compiler 5.05 update 2 (build 169) Tool: armlink [4d0f33]

==============================================================================

Section Cross References

    stm32f10x_it.o(.text) refers to stm32f10x_exti.o(.text) for EXTI_GetITStatus
    stm32f10x_it.o(.text) refers to touch.o(.bss) for Pen_Point
    system_stm32f10x.o(.text) refers to system_stm32f10x.o(.data) for .data
    main.o(.text) refers to misc.o(.text) for NVIC_PriorityGroupConfig
    main.o(.text) refers to platform.o(.text) for systick_init
    main.o(.text) refers to 24c02.o(.text) for Init_IIC
    main.o(.text) refers to lcd_driver.o(.text) for TFT_Init
    main.o(.text) refers to touch.o(.text) for TOUCH_Init
    main.o(.text) refers to tim.o(.text) for TIM3_Init
    main.o(.text) refers to demo_main.o(.text) for gui_app_start
    sys.o(.text) refers to misc.o(.text) for NVIC_PriorityGroupConfig
    startup_stm32f10x_hd.o(STACK) refers (Special) to heapauxi.o(.text) for __use_two_region_memory
    startup_stm32f10x_hd.o(HEAP) refers (Special) to heapauxi.o(.text) for __use_two_region_memory
    startup_stm32f10x_hd.o(RESET) refers (Special) to heapauxi.o(.text) for __use_two_region_memory
    startup_stm32f10x_hd.o(RESET) refers to startup_stm32f10x_hd.o(STACK) for __initial_sp
    startup_stm32f10x_hd.o(RESET) refers to startup_stm32f10x_hd.o(.text) for Reset_Handler
    startup_stm32f10x_hd.o(RESET) refers to stm32f10x_it.o(.text) for NMI_Handler
    startup_stm32f10x_hd.o(RESET) refers to sys_tick.o(.text) for SysTick_Handler
    startup_stm32f10x_hd.o(RESET) refers to main_loop_stm32_raw.o(.text) for TIM3_IRQHandler
    startup_stm32f10x_hd.o(RESET) refers to tim.o(.text) for TIM5_IRQHandler
    startup_stm32f10x_hd.o(.text) refers (Special) to heapauxi.o(.text) for __use_two_region_memory
    startup_stm32f10x_hd.o(.text) refers to system_stm32f10x.o(.text) for SystemInit
    startup_stm32f10x_hd.o(.text) refers to __main.o(!!!main) for __main
    startup_stm32f10x_hd.o(.text) refers to startup_stm32f10x_hd.o(HEAP) for Heap_Mem
    startup_stm32f10x_hd.o(.text) refers to startup_stm32f10x_hd.o(STACK) for Stack_Mem
    stm32f10x_gpio.o(.text) refers to stm32f10x_rcc.o(.text) for RCC_APB2PeriphResetCmd
    stm32f10x_rcc.o(.text) refers to stm32f10x_rcc.o(.data) for .data
    stm32f10x_usart.o(.text) refers to stm32f10x_rcc.o(.text) for RCC_APB2PeriphResetCmd
    stm32f10x_wwdg.o(.text) refers to stm32f10x_rcc.o(.text) for RCC_APB1PeriphResetCmd
    stm32f10x_tim.o(.text) refers to stm32f10x_rcc.o(.text) for RCC_APB2PeriphResetCmd
    stm32f10x_bkp.o(.text) refers to stm32f10x_rcc.o(.text) for RCC_BackupResetCmd
    stm32f10x_pwr.o(.text) refers to stm32f10x_rcc.o(.text) for RCC_APB1PeriphResetCmd
    stm32f10x_spi.o(.text) refers to stm32f10x_rcc.o(.text) for RCC_APB2PeriphResetCmd
    lcd_driver.o(.text) refers to stm32f10x_rcc.o(.text) for RCC_APB2PeriphClockCmd
    lcd_driver.o(.text) refers to stm32f10x_gpio.o(.text) for GPIO_Init
    lcd_driver.o(.text) refers to stm32f10x_fsmc.o(.text) for FSMC_NORSRAMInit
    lcd_driver.o(.text) refers to lcd_driver.o(.data) for .data
    tim.o(.text) refers to stm32f10x_rcc.o(.text) for RCC_APB1PeriphClockCmd
    tim.o(.text) refers to stm32f10x_gpio.o(.text) for GPIO_Init
    tim.o(.text) refers to stm32f10x_tim.o(.text) for TIM_TimeBaseInit
    tim.o(.text) refers to misc.o(.text) for NVIC_Init
    tim.o(.text) refers to tim.o(.data) for .data
    touch.o(.text) refers to fflt_clz.o(x$fpl$fflt) for __aeabi_i2f
    touch.o(.text) refers to fflt_clz.o(x$fpl$ffltu) for __aeabi_ui2f
    touch.o(.text) refers to fmul.o(x$fpl$fmul) for __aeabi_fmul
    touch.o(.text) refers to faddsub_clz.o(x$fpl$fadd) for __aeabi_fadd
    touch.o(.text) refers to ffixu.o(x$fpl$ffixu) for __aeabi_f2uiz
    touch.o(.text) refers to 24c02.o(.text) for AT24CXX_Read
    touch.o(.text) refers to fdiv.o(x$fpl$fdiv) for __aeabi_fdiv
    touch.o(.text) refers to lcd_driver.o(.text) for TFT_ClearScreen
    touch.o(.text) refers to gui.o(.text) for Drow_Touch_Point
    touch.o(.text) refers to sqrt.o(i.sqrt) for sqrt
    touch.o(.text) refers to touch.o(.bss) for .bss
    touch.o(.text) refers to faddsub_clz.o(x$fpl$frsb) for __aeabi_frsub
    touch.o(.text) refers to scalbnf.o(x$fpl$scalbnf) for __ARM_scalbnf
    touch.o(.text) refers to ffix.o(x$fpl$ffix) for __aeabi_f2iz
    touch.o(.text) refers to stm32f10x_rcc.o(.text) for RCC_APB2PeriphClockCmd
    touch.o(.text) refers to stm32f10x_gpio.o(.text) for GPIO_Init
    touch.o(.text) refers to misc.o(.text) for NVIC_PriorityGroupConfig
    touch.o(.text) refers to stm32f10x_exti.o(.text) for EXTI_Init
    gui.o(.text) refers to lcd_driver.o(.text) for LCD_SetCursor
    gui.o(.text) refers to gui.o(.constdata) for .constdata
    24c02.o(.text) refers to stm32f10x_rcc.o(.text) for RCC_APB2PeriphClockCmd
    24c02.o(.text) refers to stm32f10x_gpio.o(.text) for GPIO_Init
    bitmap.o(.text) refers to mem.o(.text) for tk_calloc
[...]
    image_right_on                           0x0803e540   Data        2364  assets-mini.o(.constdata)
    image_slider_bg                          0x0803ee80   Data        1020  assets-mini.o(.constdata)
    image_slider_drag                        0x0803f280   Data        3196  assets-mini.o(.constdata)
    image_slider_drag_o                      0x0803ff00   Data        3196  assets-mini.o(.constdata)
    image_slider_drag_p                      0x08040b80   Data        3196  assets-mini.o(.constdata)
    image_slider_fg                          0x08041800   Data        1020  assets-mini.o(.constdata)
    image_slider_v_bg                        0x08041c00   Data        1020  assets-mini.o(.constdata)
    image_slider_v_fg                        0x08042000   Data        1020  assets-mini.o(.constdata)
    image_unchecked                          0x08042400   Data        2364  assets-mini.o(.constdata)
    image_unmuted                            0x08042d40   Data        2364  assets-mini.o(.constdata)
    image_warn                               0x08043680   Data        2364  assets-mini.o(.constdata)
    style_default                            0x08043fc0   Data       60848  assets-mini.o(.constdata)
    __mathlib_zero                           0x08052fb0   Data           8  qnan.o(.constdata)
    Region$$Table$$Base                      0x0805474c   Number         0  anon$$obj.o(Region$$Table)
    Region$$Table$$Limit                     0x0805476c   Number         0  anon$$obj.o(Region$$Table)
    __aeabi_HUGE_VAL                         0x0805476c   Data           0  fpconst.o(c$$dinf)
    __aeabi_HUGE_VALL                        0x0805476c   Data           0  fpconst.o(c$$dinf)
    __aeabi_INFINITY                         0x0805476c   Data           0  fpconst.o(c$$dinf)
    __dInf                                   0x0805476c   Data           0  fpconst.o(c$$dinf)
    __huge_val                               0x0805476c   Data           0  fpconst.o(c$$dinf)
    __ctype                                  0x08054781   Data           0  lc_ctype_c.o(locale$$data)
    SystemCoreClock                          0x20000000   Data           4  system_stm32f10x.o(.data)
    AHBPrescTable                            0x20000004   Data          16  system_stm32f10x.o(.data)
    DeviceCode                               0x20000028   Data           2  lcd_driver.o(.data)
    TIM5CH1_CAPTURE_STA                      0x2000002a   Data           1  tim.o(.data)
    TIM5CH1_CAPTURE_VAL                      0x2000002c   Data           2  tim.o(.data)
    s_edit_properties                        0x20000138   Data          56  edit.o(.data)
    s_combo_box_properties                   0x200005ec   Data          60  combo_box.o(.data)
    Pen_Point                                0x20000720   Data          24  touch.o(.bss)
    __libspace_start                         0x200068e0   Data          96  libspace.o(.bss)
    __temporary_stack_top$libspace           0x20006940   Data           0  libspace.o(.bss)



==============================================================================

Memory Map of the image

  Image Entry point : 0x08000131

  Load Region LR_IROM1 (Base: 0x08000000, Size: 0x00054fc0, Max: 0x00080000, ABSOLUTE, COMPRESSED[0x00054d1c])

    Execution Region ER_IROM1 (Base: 0x08000000, Size: 0x000548a0, Max: 0x00080000, ABSOLUTE)

    Base Addr    Size         Type   Attr      Idx    E Section Name        Object

    0x08000000   0x00000130   Data   RO          224    RESET               startup_stm32f10x_hd.o
    0x08000130   0x00000008   Code   RO         4882  * !!!main             c_w.l(__main.o)
    0x08000138   0x00000034   Code   RO         5547    !!!scatter          c_w.l(__scatter.o)
    0x0800016c   0x00000064   Code   RO         5545    !!dclz77c           c_w.l(__dclz77c.o)
    0x080001d0   0x0000001c   Code   RO         5549    !!handler_zi        c_w.l(__scatter_zi.o)
    0x080001ec   0x00000000   Code   RO         5180    .ARM.Collect$$_printf_percent$$00000000  c_w.l(_printf_percent.o)
    0x080001ec   0x00000006   Code   RO         5169    .ARM.Collect$$_printf_percent$$00000001  c_w.l(_printf_n.o)
    0x080001f2   0x00000006   Code   RO         5171    .ARM.Collect$$_printf_percent$$00000002  c_w.l(_printf_p.o)
    0x080001f8   0x00000006   Code   RO         5176    .ARM.Collect$$_printf_percent$$00000003  c_w.l(_printf_f.o)
    0x080001fe   0x00000006   Code   RO         5177    .ARM.Collect$$_printf_percent$$00000004  c_w.l(_printf_e.o)
    0x08000204   0x00000006   Code   RO         5178    .ARM.Collect$$_printf_percent$$00000005  c_w.l(_printf_g.o)
    0x0800020a   0x00000006   Code   RO         5179    .ARM.Collect$$_printf_percent$$00000006  c_w.l(_printf_a.o)
    0x08000210   0x0000000a   Code   RO         5184    .ARM.Collect$$_printf_percent$$00000007  c_w.l(_printf_ll.o)
    0x0800021a   0x00000006   Code   RO         5173    .ARM.Collect$$_printf_percent$$00000008  c_w.l(_printf_i.o)
    0x08000220   0x00000006   Code   RO         5174    .ARM.Collect$$_printf_percent$$00000009  c_w.l(_printf_d.o)
    0x08000226   0x00000006   Code   RO         5175    .ARM.Collect$$_printf_percent$$0000000A  c_w.l(_printf_u.o)
    0x0800022c   0x00000006   Code   RO         5172    .ARM.Collect$$_printf_percent$$0000000B  c_w.l(_printf_o.o)
    0x08000232   0x00000006   Code   RO         5170    .ARM.Collect$$_printf_percent$$0000000C  c_w.l(_printf_x.o)
    0x08000238   0x00000006   Code   RO         5181    .ARM.Collect$$_printf_percent$$0000000D  c_w.l(_printf_lli.o)
    0x0800023e   0x00000006   Code   RO         5182    .ARM.Collect$$_printf_percent$$0000000E  c_w.l(_printf_lld.o)
    0x08000244   0x00000006   Code   RO         5183    .ARM.Collect$$_printf_percent$$0000000F  c_w.l(_printf_llu.o)
    0x0800024a   0x00000006   Code   RO         5188    .ARM.Collect$$_printf_percent$$00000010  c_w.l(_printf_llo.o)
    0x08000250   0x00000006   Code   RO         5189    .ARM.Collect$$_printf_percent$$00000011  c_w.l(_printf_llx.o)
    0x08000256   0x0000000a   Code   RO         5185    .ARM.Collect$$_printf_percent$$00000012  c_w.l(_printf_l.o)
    0x08000260   0x00000006   Code   RO         5167    .ARM.Collect$$_printf_percent$$00000013  c_w.l(_printf_c.o)
    0x08000266   0x00000006   Code   RO         5168    .ARM.Collect$$_printf_percent$$00000014  c_w.l(_printf_s.o)
    0x0800026c   0x00000006   Code   RO         5186    .ARM.Collect$$_printf_percent$$00000015  c_w.l(_printf_lc.o)
    0x08000272   0x00000006   Code   RO         5187    .ARM.Collect$$_printf_percent$$00000016  c_w.l(_printf_ls.o)
    0x08000278   0x00000004   Code   RO         5320    .ARM.Collect$$_printf_percent$$00000017  c_w.l(_printf_percent_end.o)
    0x0800027c   0x00000002   Code   RO         5425    .ARM.Collect$$libinit$$00000000  c_w.l(libinit.o)
    0x0800027e   0x00000000   Code   RO         5337    .ARM.Collect$$libinit$$00000002  c_w.l(libinit2.o)
    0x0800027e   0x00000000   Code   RO         5339    .ARM.Collect$$libinit$$00000004  c_w.l(libinit2.o)
    0x0800027e   0x00000000   Code   RO         5342    .ARM.Collect$$libinit$$0000000A  c_w.l(libinit2.o)
    0x0800027e   0x00000000   Code   RO         5344    .ARM.Collect$$libinit$$0000000C  c_w.l(libinit2.o)
    0x0800027e   0x00000000   Code   RO         5346    .ARM.Collect$$libinit$$0000000E  c_w.l(libinit2.o)
    0x0800027e   0x00000006   Code   RO         5347    .ARM.Collect$$libinit$$0000000F  c_w.l(libinit2.o)
    0x08000284   0x00000000   Code   RO         5349    .ARM.Collect$$libinit$$00000011  c_w.l(libinit2.o)
    0x08000284   0x0000000c   Code   RO         5350    .ARM.Collect$$libinit$$00000012  c_w.l(libinit2.o)
    0x08000290   0x00000000   Code   RO         5351    .ARM.Collect$$libinit$$00000013  c_w.l(libinit2.o)
    0x08000290   0x00000000   Code   RO         5353    .ARM.Collect$$libinit$$00000015  c_w.l(libinit2.o)
    0x08000290   0x0000000a   Code   RO         5354    .ARM.Collect$$libinit$$00000016  c_w.l(libinit2.o)
    0x0800029a   0x00000000   Code   RO         5355    .ARM.Collect$$libinit$$00000017  c_w.l(libinit2.o)
    0x0800029a   0x00000000   Code   RO         5357    .ARM.Collect$$libinit$$00000019  c_w.l(libinit2.o)
    0x0800029a   0x00000000   Code   RO         5359    .ARM.Collect$$libinit$$0000001B  c_w.l(libinit2.o)
    0x0800029a   0x00000000   Code   RO         5361    .ARM.Collect$$libinit$$0000001D  c_w.l(libinit2.o)
    0x0800029a   0x00000000   Code   RO         5363    .ARM.Collect$$libinit$$0000001F  c_w.l(libinit2.o)
    0x0800029a   0x00000000   Code   RO         5365    .ARM.Collect$$libinit$$00000021  c_w.l(libinit2.o)
    0x0800029a   0x00000000   Code   RO         5367    .ARM.Collect$$libinit$$00000023  c_w.l(libinit2.o)
    0x0800029a   0x00000000   Code   RO         5369    .ARM.Collect$$libinit$$00000025  c_w.l(libinit2.o)
    0x0800029a   0x00000000   Code   RO         5373    .ARM.Collect$$libinit$$0000002C  c_w.l(libinit2.o)
    0x0800029a   0x00000000   Code   RO         5375    .ARM.Collect$$libinit$$0000002E  c_w.l(libinit2.o)
    0x0800029a   0x00000000   Code   RO         5377    .ARM.Collect$$libinit$$00000030  c_w.l(libinit2.o)
    0x0800029a   0x00000000   Code   RO         5379    .ARM.Collect$$libinit$$00000032  c_w.l(libinit2.o)
    0x0800029a   0x00000002   Code   RO         5380    .ARM.Collect$$libinit$$00000033  c_w.l(libinit2.o)
    0x0800029c   0x00000002   Code   RO         5513    .ARM.Collect$$libshutdown$$00000000  c_w.l(libshutdown.o)
    0x0800029e   0x00000000   Code   RO         5530    .ARM.Collect$$libshutdown$$00000003  c_w.l(libshutdown2.o)
    0x0800029e   0x00000000   Code   RO         5533    .ARM.Collect$$libshutdown$$00000006  c_w.l(libshutdown2.o)
    0x0800029e   0x00000000   Code   RO         5536    .ARM.Collect$$libshutdown$$00000009  c_w.l(libshutdown2.o)
    0x0800029e   0x00000000   Code   RO         5538    .ARM.Collect$$libshutdown$$0000000B  c_w.l(libshutdown2.o)
    0x0800029e   0x00000000   Code   RO         5541    .ARM.Collect$$libshutdown$$0000000E  c_w.l(libshutdown2.o)
    0x0800029e   0x00000002   Code   RO         5542    .ARM.Collect$$libshutdown$$0000000F  c_w.l(libshutdown2.o)
    0x080002a0   0x00000000   Code   RO         5078    .ARM.Collect$$rtentry$$00000000  c_w.l(__rtentry.o)
    0x080002a0   0x00000000   Code   RO         5285    .ARM.Collect$$rtentry$$00000002  c_w.l(__rtentry2.o)
    0x080002a0   0x00000006   Code   RO         5297    .ARM.Collect$$rtentry$$00000004  c_w.l(__rtentry4.o)
    0x080002a6   0x00000000   Code   RO         5287    .ARM.Collect$$rtentry$$00000009  c_w.l(__rtentry2.o)
    0x080002a6   0x00000004   Code   RO         5288    .ARM.Collect$$rtentry$$0000000A  c_w.l(__rtentry2.o)
    0x080002aa   0x00000000   Code   RO         5290    .ARM.Collect$$rtentry$$0000000C  c_w.l(__rtentry2.o)
    0x080002aa   0x00000008   Code   RO         5291    .ARM.Collect$$rtentry$$0000000D  c_w.l(__rtentry2.o)
    0x080002b2   0x00000002   Code   RO         5447    .ARM.Collect$$rtexit$$00000000  c_w.l(rtexit.o)
    0x080002b4   0x00000000   Code   RO         5472    .ARM.Collect$$rtexit$$00000002  c_w.l(rtexit2.o)
    0x080002b4   0x00000004   Code   RO         5473    .ARM.Collect$$rtexit$$00000003  c_w.l(rtexit2.o)
    0x080002b8   0x00000006   Code   RO         5474    .ARM.Collect$$rtexit$$00000004  c_w.l(rtexit2.o)
    0x080002be   0x00000002   PAD
    0x080002c0   0x00000034   Code   RO            1    .text               stm32f10x_it.o
    0x080002f4   0x00000174   Code   RO          114    .text               system_stm32f10x.o
    0x08000468   0x00000038   Code   RO          132    .text               main.o
    0x080004a0   0x00000040   Code   RO          225    .text               startup_stm32f10x_hd.o
    0x080004e0   0x000000b8   Code   RO          229    .text               misc.o
    0x08000598   0x00000298   Code   RO          241    .text               stm32f10x_gpio.o
    0x08000830   0x000002f4   Code   RO          253    .text               stm32f10x_rcc.o
    0x08000b24   0x000000ec   Code   RO          279    .text               stm32f10x_exti.o
    0x08000c10   0x00000c2a   Code   RO          315    .text               stm32f10x_tim.o
    0x0800183a   0x00000002   PAD
    0x0800183c   0x000004b6   Code   RO          327    .text               stm32f10x_fsmc.o
    0x08001cf2   0x00000002   PAD
    0x08001cf4   0x000005c0   Code   RO          423    .text               lcd_driver.o
    0x080022b4   0x000001d8   Code   RO          441    .text               tim.o
    0x0800248c   0x00000860   Code   RO          460    .text               touch.o
    0x08002cec   0x00000524   Code   RO          481    .text               gui.o
    0x08003210   0x00000394   Code   RO          502    .text               24c02.o
    0x080035a4   0x00000770   Code   RO          514    .text               bitmap.o
    0x08003d14   0x000003e4   Code   RO          588    .text               buffer.o
    0x080040f8   0x000003a0   Code   RO          610    .text               button_1.o
    0x08004498   0x00001e9c   Code   RO          762    .text               canvas.o
    0x08006334   0x00000330   Code   RO          840    .text               check_button.o
    0x08006664   0x00000158   Code   RO          860    .text               color.o
    0x080067bc   0x00000284   Code   RO          873    .text               dialog.o
    0x08006a40   0x00000330   Code   RO         1022    .text               emitter.o
    0x08006d70   0x00000130   Code   RO         1041    .text               enums.o
    0x08006ea0   0x00000088   Code   RO         1071    .text               font.o
    0x08006f28   0x00000188   Code   RO         1087    .text               font_manager.o
    0x080070b0   0x00000038   Code   RO         1153    .text               group_box.o
    0x080070e8   0x00000200   Code   RO         1171    .text               image.o
    0x080072e8   0x000003c4   Code   RO         1194    .text               image_manager.o
    0x080076ac   0x000003b8   Code   RO         1245    .text               label.o
    0x08007a64   0x0000033c   Code   RO         1272    .text               lcd.o
    0x08007da0   0x000000c4   Code   RO         1299    .text               main_loop.o
    0x08007e64   0x000002a4   Code   RO         1322    .text               mem.o
    0x08008108   0x00000456   Code   RO         1337    .text               progress_bar.o
    0x0800855e   0x00000002   PAD
    0x08008560   0x000002f8   Code   RO         1357    .text               rect.o
    0x08008858   0x000001e4   Code   RO         1373    .text               theme.o
    0x08008a3c   0x00000250   Code   RO         1391    .text               utf8.o
    0x08008c8c   0x000007fc   Code   RO         1407    .text               value.o
    0x08009488   0x00003c14   Code   RO         1420    .text               widget.o
    0x0800d09c   0x000002fc   Code   RO         1526    .text               widget_vtable.o
    0x0800d398   0x000000f4   Code   RO         1595    .text               window.o
    0x0800d48c   0x000005c4   Code   RO         1615    .text               window_manager.o
    0x0800da50   0x000006ac   Code   RO         1698    .text               wstr.o
    0x0800e0fc   0x000006c4   Code   RO         1720    .text               utils.o
    0x0800e7c0   0x0000022c   Code   RO         1754    .text               events.o
    0x0800e9ec   0x000000fc   Code   RO         1820    .text               timer.o
    0x0800eae8   0x000001f4   Code   RO         1832    .text               layout.o
    0x0800ecdc   0x00000110   Code   RO         1850    .text               event_queue.o
    0x0800edec   0x00000cd8   Code   RO         1884    .text               slider.o
    0x0800fac4   0x0000008a   Code   RO         1907    .text               idle.o
    0x0800fb4e   0x00000002   PAD
    0x0800fb50   0x00000484   Code   RO         1919    .text               system_info.o
    0x0800ffd4   0x00000098   Code   RO         1965    .text               image_loader.o
    0x0801006c   0x0000089c   Code   RO         1994    .text               str.o
    0x08010908   0x000002b0   Code   RO         2010    .text               main_loop_simple.o
    0x08010bb8   0x000001f8   Code   RO         2029    .text               pages.o
    0x08010db0   0x000016f8   Code   RO         2049    .text               edit.o
    0x080124a8   0x00000030   Code   RO         2076    .text               view.o
    0x080124d8   0x000001ac   Code   RO         2094    .text               velocity.o
    0x08012684   0x00000138   Code   RO         2109    .text               widget_factory.o
    0x080127bc   0x00000210   Code   RO         2127    .text               tokenizer.o
    0x080129cc   0x00000238   Code   RO         2139    .text               input_method.o
    0x08012c04   0x00000074   Code   RO         2169    .text               input_engine.o
    0x08012c78   0x0000012c   Code   RO         2181    .text               spin_box.o
    0x08012da4   0x0000034c   Code   RO         2200    .text               dragger.o
    0x080130f0   0x00000064   Code   RO         2220    .text               dialog_client.o
    0x08013154   0x00000054   Code   RO         2238    .text               dialog_title.o
    0x080131a8   0x0000037c   Code   RO         2256    .text               awtk_global.o
    0x08013524   0x0000005c   Code   RO         2601    .text               input_method_creator.o
    0x08013580   0x00000038   Code   RO         2617    .text               button_group.o
    0x080135b8   0x00000284   Code   RO         2635    .text               color_parser.o
    0x0801383c   0x000009c8   Code   RO         2653    .text               combo_box.o
    0x08014204   0x000002e4   Code   RO         2695    .text               combo_box_item.o
    0x080144e8   0x00000280   Code   RO         2727    .text               fs.o
    0x08014768   0x00000048   Code   RO         2759    .text               line_break.o
    0x080147b0   0x000001e8   Code   RO         2786    .text               popup.o
    0x08014998   0x00000450   Code   RO         2835    .text               tab_button.o
    0x08014de8   0x00000550   Code   RO         2855    .text               tab_button_group.o
    0x08015338   0x00000038   Code   RO         2876    .text               tab_control.o
    0x08015370   0x00000066   Code   RO         2894    .text               ui_builder.o
    0x080153d6   0x00000002   PAD
    0x080153d8   0x00000846   Code   RO         2909    .text               vgcanvas.o
    0x08015c1e   0x00000002   PAD
    0x08015c20   0x000000f0   Code   RO         3029    .text               ui_builder_default.o
    0x08015d10   0x00000060   Code   RO         3046    .text               ui_loader.o
    0x08015d70   0x00000108   Code   RO         3061    .text               ui_loader_default.o
    0x08015e78   0x000000ac   Code   RO         3131    .text               window_open.o
    0x08015f24   0x0000028c   Code   RO         3174    .text               color_tile.o
    0x080161b0   0x00000308   Code   RO         3194    .text               assets_manager.o
    0x080164b8   0x00000214   Code   RO         3209    .text               locale_info.o
    0x080166cc   0x000002e4   Code   RO         3224    .text               path.o
    0x080169b0   0x00000030   Code   RO         3236    .text               app_bar.o
    0x080169e0   0x00000030   Code   RO         3254    .text               column.o
    0x08016a10   0x00000030   Code   RO         3272    .text               grid.o
    0x08016a40   0x00000030   Code   RO         3290    .text               row.o
    0x08016a70   0x000002c4   Code   RO         3308    .text               calibration_win.o
    0x08016d34   0x00000138   Code   RO         3326    .text               font_loader_bitmap.o
    0x08016e6c   0x0000001a   Code   RO         3355    .text               font_loader.o
    0x08016e86   0x00000002   PAD
    0x08016e88   0x0000066c   Code   RO         3370    .text               window_base.o
    0x080174f4   0x0000003c   Code   RO         3390    .text               time_now.o
    0x08017530   0x000002bc   Code   RO         3403    .text               style.o
    0x080177ec   0x00000180   Code   RO         3418    .text               style_const.o
    0x0801796c   0x00000024   Code   RO         3435    .text               style_factory.o
    0x08017990   0x0000007c   Code   RO         3473    .text               clip_board_default.o
    0x08017a0c   0x000000c4   Code   RO         3490    .text               clip_board.o
    0x08017ad0   0x000005a4   Code   RO         3507    .text               image_base.o
    0x08018074   0x00000030   Code   RO         3521    .text               grid_item.o
    0x080180a4   0x00000354   Code   RO         3539    .text               input_device_status.o
    0x080183f8   0x00000148   Code   RO         3553    .text               system_bar.o
    0x08018540   0x00000864   Code   RO         3573    .text               children_layouter_default.o
    0x08018da4   0x000005d4   Code   RO         3594    .text               self_layouter_default.o
    0x08019378   0x000000e8   Code   RO         3612    .text               children_layouter.o
    0x08019460   0x000000d4   Code   RO         3627    .text               self_layouter.o
    0x08019534   0x0000010c   Code   RO         3663    .text               func_call_parser.o
    0x08019640   0x00000078   Code   RO         3684    .text               event.o
    0x080196b8   0x000000ec   Code   RO         3697    .text               named_value.o
    0x080197a4   0x000006fc   Code   RO         3713    .text               object.o
    0x08019ea0   0x00000436   Code   RO         3726    .text               object_default.o
    0x0801a2d6   0x00000002   PAD
    0x0801a2d8   0x00000084   Code   RO         3765    .text               timer_info.o
    0x0801a35c   0x00000238   Code   RO         3789    .text               timer_manager.o
    0x0801a594   0x00000178   Code   RO         3804    .text               idle_manager.o
    0x0801a70c   0x00000074   Code   RO         3825    .text               idle_info.o
    0x0801a780   0x000001f8   Code   RO         3840    .text               slist.o
    0x0801a978   0x00000320   Code   RO         3856    .text               darray.o
    0x0801ac98   0x00001278   Code   RO         3869    .text               expr_eval.o
    0x0801bf10   0x00000002   Code   RO         3883    .text               lcd_profile.o
    0x0801bf12   0x00000002   PAD
    0x0801bf14   0x000000fc   Code   RO         3907    .text               window_animator_factory.o
    0x0801c010   0x0000014c   Code   RO         3922    .text               dialog_highlighter.o
    0x0801c15c   0x0000012c   Code   RO         3935    .text               dialog_highlighter_factory.o
    0x0801c288   0x00000020   Code   RO         3953    .text               children_layouter_builtins.o
    0x0801c2a8   0x0000011c   Code   RO         3974    .text               children_layouter_parser.o
    0x0801c3c4   0x00000038   Code   RO         3995    .text               self_layouter_builtins.o
    0x0801c3fc   0x00000084   Code   RO         4016    .text               self_layouter_parser.o
    0x0801c480   0x000000ec   Code   RO         4037    .text               children_layouter_factory.o
    0x0801c56c   0x000000ec   Code   RO         4052    .text               self_layouter_factory.o
    0x0801c658   0x00000030   Code   RO         4067    .text               overlay.o
    0x0801c688   0x00000544   Code   RO         4099    .text               style_mutable.o
    0x0801cbcc   0x00001eb4   Code   RO         4152    .text               text_edit.o
    0x0801ea80   0x00000428   Code   RO         4279    .text               self_layouter_menu.o
    0x0801eea8   0x00000570   Code   RO         4297    .text               hscrollable.o
    0x0801f418   0x0000024a   Code   RO         4310    .text               native_window.o
    0x0801f662   0x00000002   PAD
    0x0801f664   0x000000f8   Code   RO         4322    .text               native_window_raw.o
    0x0801f75c   0x00000e30   Code   RO         4341    .text               window_manager_default.o
    0x0802058c   0x00000518   Code   RO         4363    .text               dialog_helper.o
    0x08020aa4   0x0000034c   Code   RO         4381    .text               widgets.o
    0x08020df0   0x00000034   Code   RO         4456    .text               ui_feedback.o
    0x08020e24   0x00000744   Code   RO         4473    .text               lcd_stm32_raw.o
    0x08021568   0x000000b8   Code   RO         4542    .text               main_loop_stm32_raw.o
    0x08021620   0x0000005c   Code   RO         4683    .text               platform.o
    0x0802167c   0x00000014   Code   RO         4697    .text               mutex_null.o
    0x08021690   0x00000040   Code   RO         4714    .text               sys_tick.o
    0x080216d0   0x00000004   Code   RO         4728    .text               fs_os.o
    0x080216d4   0x0000001c   Code   RO         4740    .text               demo_main.o
    0x080216f0   0x00000420   Code   RO         4755    .text               demo1_app.o
    0x08021b10   0x0000019c   Code   RO         4770    .text               assets-mini.o
    0x08021cac   0x00000010   Code   RO         4820    .text               c_w.l(rt_ctype_table.o)
    0x08021cbc   0x000000ee   Code   RO         4822    .text               c_w.l(lludivv7m.o)
    0x08021daa   0x0000001a   Code   RO         4824    .text               c_w.l(tolower.o)
    0x08021dc4   0x0000001e   Code   RO         4826    .text               c_w.l(toupper.o)
    0x08021de2   0x00000004   Code   RO         4828    .text               c_w.l(iswspace.o)
    0x08021de6   0x00000002   PAD
    0x08021de8   0x00000034   Code   RO         4830    .text               c_w.l(vsnprintf.o)
    0x08021e1c   0x00000034   Code   RO         4832    .text               c_w.l(vsscanf.o)
    0x08021e50   0x00000070   Code   RO         4834    .text               c_w.l(strtol.o)
    0x08021ec0   0x00000072   Code   RO         4836    .text               c_w.l(strtoul.o)
    0x08021f32   0x00000050   Code   RO         4838    .text               c_w.l(bsearchnoex.o)
    0x08021f82   0x00000014   Code   RO         4840    .text               c_w.l(strchr.o)
    0x08021f96   0x00000024   Code   RO         4842    .text               c_w.l(strstr.o)
    0x08021fba   0x00000058   Code   RO         4844    .text               c_w.l(memcmp.o)
    0x08022012   0x00000048   Code   RO         4846    .text               c_w.l(strcpy.o)
    0x0802205a   0x00000016   Code   RO         4850    .text               c_w.l(strrchr.o)
    0x08022070   0x0000003e   Code   RO         4852    .text               c_w.l(strlen.o)
    0x080220ae   0x00000012   Code   RO         4854    .text               c_w.l(wcscpy.o)
    0x080220c0   0x00000018   Code   RO         4856    .text               c_w.l(wcscmp.o)
    0x080220d8   0x00000016   Code   RO         4858    .text               c_w.l(wcschr.o)
    0x080220ee   0x00000012   Code   RO         4860    .text               c_w.l(wcslen.o)
    0x08022100   0x00000096   Code   RO         4862    .text               c_w.l(strncmp.o)
    0x08022196   0x0000008a   Code   RO         4864    .text               c_w.l(rt_memcpy_v6.o)
    0x08022220   0x00000084   Code   RO         4866    .text               c_w.l(rt_memmove_v6.o)
    0x080222a4   0x00000064   Code   RO         4868    .text               c_w.l(rt_memcpy_w.o)
    0x08022308   0x0000007a   Code   RO         4870    .text               c_w.l(rt_memmove_w.o)
    0x08022382   0x00000044   Code   RO         4872    .text               c_w.l(rt_memclr.o)
    0x080223c6   0x0000004e   Code   RO         4874    .text               c_w.l(rt_memclr_w.o)
    0x08022414   0x00000056   Code   RO         4876    .text               c_w.l(strncpy.o)
    0x0802246a   0x00000002   PAD
    0x0802246c   0x00000080   Code   RO         4878    .text               c_w.l(strcmpv7m.o)
    0x080224ec   0x00000006   Code   RO         4880    .text               c_w.l(heapauxi.o)
    0x080224f2   0x00000002   PAD
    0x080224f4   0x00000008   Code   RO         5086    .text               c_w.l(rt_locale_intlibspace.o)
    0x080224fc   0x00000008   Code   RO         5091    .text               c_w.l(rt_errno_addr_intlibspace.o)
    0x08022504   0x00000016   Code   RO         5093    .text               c_w.l(_rserrno.o)
    0x0802251a   0x0000000c   Code   RO         5095    .text               c_w.l(_iswspace.o)
    0x08022526   0x0000004e   Code   RO         5099    .text               c_w.l(_printf_pad.o)
    0x08022574   0x00000024   Code   RO         5101    .text               c_w.l(_printf_truncate.o)
    0x08022598   0x00000052   Code   RO         5103    .text               c_w.l(_printf_str.o)
    0x080225ea   0x00000002   PAD
    0x080225ec   0x00000078   Code   RO         5105    .text               c_w.l(_printf_dec.o)
    0x08022664   0x00000028   Code   RO         5107    .text               c_w.l(_printf_charcount.o)
    0x0802268c   0x00000030   Code   RO         5109    .text               c_w.l(_printf_char_common.o)
    0x080226bc   0x0000000a   Code   RO         5111    .text               c_w.l(_sputc.o)
    0x080226c6   0x00000010   Code   RO         5113    .text               c_w.l(_snputc.o)
    0x080226d6   0x00000002   PAD
    0x080226d8   0x000000bc   Code   RO         5115    .text               c_w.l(_printf_wctomb.o)
    0x08022794   0x0000007c   Code   RO         5118    .text               c_w.l(_printf_longlong_dec.o)
    0x08022810   0x00000070   Code   RO         5124    .text               c_w.l(_printf_oct_int_ll.o)
    0x08022880   0x00000094   Code   RO         5144    .text               c_w.l(_printf_hex_int_ll_ptr.o)
    0x08022914   0x00000188   Code   RO         5164    .text               c_w.l(__printf_flags_ss_wp.o)
    0x08022a9c   0x00000156   Code   RO         5190    .text               c_w.l(_scanf_longlong.o)
    0x08022bf2   0x0000014c   Code   RO         5192    .text               c_w.l(_scanf_int.o)
    0x08022d3e   0x000000e0   Code   RO         5194    .text               c_w.l(_scanf_str.o)
    0x08022e1e   0x00000002   PAD
    0x08022e20   0x0000002c   Code   RO         5196    .text               c_w.l(scanf_char.o)
    0x08022e4c   0x00000040   Code   RO         5198    .text               c_w.l(_sgetc.o)
    0x08022e8c   0x0000009e   Code   RO         5200    .text               c_w.l(_strtoul.o)
    0x08022f2a   0x00000002   PAD
    0x08022f2c   0x000000a0   Code   RO         5202    .text               c_w.l(strtod.o)
    0x08022fcc   0x00000114   Code   RO         5204    .text               c_w.l(_scanf_mbtowc.o)
    0x080230e0   0x000000e8   Code   RO         5206    .text               c_w.l(_scanf_wctomb.o)
    0x080231c8   0x000000d0   Code   RO         5208    .text               c_w.l(_scanf_wstr.o)
    0x08023298   0x00000008   Code   RO         5281    .text               c_w.l(libspace.o)
    0x080232a0   0x0000008a   Code   RO         5301    .text               c_w.l(lludiv10.o)
    0x0802332a   0x00000012   Code   RO         5303    .text               c_w.l(isspace.o)
    0x0802333c   0x00000064   Code   RO         5305    .text               c_w.l(wclass_c.o)
    0x080233a0   0x000000b2   Code   RO         5307    .text               c_w.l(_printf_intcommon.o)
    0x08023452   0x0000041a   Code   RO         5309    .text               c_w.l(_printf_fp_dec.o)
    0x0802386c   0x000002fc   Code   RO         5311    .text               c_w.l(_printf_fp_hex.o)
    0x08023b68   0x0000002c   Code   RO         5316    .text               c_w.l(_printf_char.o)
    0x08023b94   0x0000002c   Code   RO         5318    .text               c_w.l(_printf_wchar.o)
    0x08023bc0   0x0000001c   Code   RO         5321    .text               c_w.l(_chval.o)
    0x08023bdc   0x00000374   Code   RO         5323    .text               c_w.l(_scanf.o)
    0x08023f50   0x000004a4   Code   RO         5325    .text               c_w.l(scanf_fp.o)
    0x080243f4   0x0000001e   Code   RO         5327    .text               c_w.l(_scanf_wcharmap.o)
    0x08024412   0x0000003c   Code   RO         5329    .text               c_w.l(_mbrtowc.o)
    0x0802444e   0x00000040   Code   RO         5331    .text               c_w.l(_wcrtomb.o)
    0x0802448e   0x0000004a   Code   RO         5383    .text               c_w.l(sys_stackheap_outer.o)
    0x080244d8   0x00000080   Code   RO         5385    .text               c_w.l(_printf_fp_infnan.o)
    0x08024558   0x000000dc   Code   RO         5387    .text               c_w.l(bigflt0.o)
    0x08024634   0x0000000c   Code   RO         5412    .text               c_w.l(exit.o)
    0x08024640   0x00000318   Code   RO         5451    .text               c_w.l(scanf_hexfp.o)
    0x08024958   0x00000134   Code   RO         5453    .text               c_w.l(scanf_infnan.o)
    0x08024a8c   0x0000000c   Code   RO         5469    .text               c_w.l(sys_exit.o)
    0x08024a98   0x00000026   Code   RO         5480    .text               c_w.l(llshl.o)
    0x08024abe   0x00000002   Code   RO         5504    .text               c_w.l(use_no_semi.o)
    0x08024ac0   0x00000000   Code   RO         5506    .text               c_w.l(indicate_semi.o)
    0x08024ac0   0x0000003e   Code   RO         5390    CL$$btod_d2e        c_w.l(btod.o)
    0x08024afe   0x00000046   Code   RO         5392    CL$$btod_d2e_denorm_low  c_w.l(btod.o)
    0x08024b44   0x00000060   Code   RO         5391    CL$$btod_d2e_norm_op1  c_w.l(btod.o)
    0x08024ba4   0x00000338   Code   RO         5400    CL$$btod_div_common  c_w.l(btod.o)
    0x08024edc   0x00000054   Code   RO         5398    CL$$btod_e2d        c_w.l(btod.o)
    0x08024f30   0x000000c6   Code   RO         5397    CL$$btod_e2e        c_w.l(btod.o)
    0x08024ff6   0x00000028   Code   RO         5394    CL$$btod_ediv       c_w.l(btod.o)
    0x0802501e   0x00000028   Code   RO         5396    CL$$btod_edivd      c_w.l(btod.o)
    0x08025046   0x00000028   Code   RO         5393    CL$$btod_emul       c_w.l(btod.o)
    0x0802506e   0x00000028   Code   RO         5395    CL$$btod_emuld      c_w.l(btod.o)
    0x08025096   0x00000244   Code   RO         5399    CL$$btod_mult_common  c_w.l(btod.o)
    0x080252da   0x00000028   Code   RO         5259    i.__ARM_fpclassify  m_ws.l(fpclassify.o)
    0x08025302   0x00000002   PAD
    0x08025304   0x00000388   Code   RO         5264    i.__ieee754_rem_pio2  m_ws.l(rred.o)
    0x0802568c   0x000000fc   Code   RO         5242    i.__kernel_cos      m_ws.l(cos_i.o)
    0x08025788   0x000000aa   Code   RO         5261    i.__kernel_poly     m_ws.l(poly.o)
    0x08025832   0x00000002   PAD
    0x08025834   0x000000ec   Code   RO         5269    i.__kernel_sin      m_ws.l(sin_i.o)
    0x08025920   0x0000027c   Code   RO         5275    i.__kernel_tan      m_ws.l(tan_i.o)
    0x08025b9c   0x00000010   Code   RO         5245    i.__mathlib_dbl_divzero  m_ws.l(dunder.o)
    0x08025bac   0x00000006   Code   RO         5246    i.__mathlib_dbl_infnan  m_ws.l(dunder.o)
    0x08025bb2   0x0000000c   Code   RO         5248    i.__mathlib_dbl_invalid  m_ws.l(dunder.o)
    0x08025bbe   0x0000000e   Code   RO         5249    i.__mathlib_dbl_overflow  m_ws.l(dunder.o)
    0x08025bcc   0x00000010   Code   RO         5251    i.__mathlib_dbl_underflow  m_ws.l(dunder.o)
    0x08025bdc   0x00000010   Code   RO         5441    i.__mathlib_narrow  m_ws.l(narrow.o)
    0x08025bec   0x00000088   Code   RO         5442    i.__mathlib_tofloat  m_ws.l(narrow.o)
    0x08025c74   0x00000016   Code   RO         5491    i.__support_ldexp   m_ws.l(ldexp.o)
    0x08025c8a   0x0000000e   Code   RO         5157    i._is_digit         c_w.l(__printf_wp.o)
    0x08025c98   0x0000027c   Code   RO         4967    i.acos              m_ws.l(acos.o)
    0x08025f14   0x00000270   Code   RO         4977    i.asin              m_ws.l(asin.o)
    0x08026184   0x00000220   Code   RO         4987    i.atan              m_ws.l(atan.o)
    0x080263a4   0x0000002a   Code   RO         4997    i.atof              m_ws.l(atof.o)
    0x080263ce   0x00000002   PAD
    0x080263d0   0x000000dc   Code   RO         5001    i.ceil              m_ws.l(ceil.o)
    0x080264ac   0x0000009c   Code   RO         5005    i.cos               m_ws.l(cos.o)
    0x08026548   0x00000284   Code   RO         5013    i.exp               m_ws.l(exp.o)
    0x080267cc   0x000000dc   Code   RO         5023    i.floor             m_ws.l(floor.o)
    0x080268a8   0x00000058   Code   RO         5464    i.frexp             m_ws.l(frexp.o)
    0x08026900   0x00000074   Code   RO         5492    i.ldexp             m_ws.l(ldexp.o)
    0x08026974   0x0000035c   Code   RO         5027    i.log               m_ws.l(log.o)
    0x08026cd0   0x000000e4   Code   RO         5037    i.log10             m_ws.l(log10.o)
    0x08026db4   0x000000a0   Code   RO         5055    i.sin               m_ws.l(sin.o)
    0x08026e54   0x0000004c   Code   RO         5063    i.sqrt              m_ws.l(sqrt.o)
    0x08026ea0   0x00000064   Code   RO         5071    i.tan               m_ws.l(tan.o)
    0x08026f04   0x0000002c   Code   RO         5211    locale$$code        c_w.l(lc_ctype_c.o)
    0x08026f30   0x0000002c   Code   RO         5334    locale$$code        c_w.l(lc_numeric_c.o)
    0x08026f5c   0x00000062   Code   RO         4884    x$fpl$d2f           fz_ws.l(d2f.o)
    0x08026fbe   0x00000002   PAD
    0x08026fc0   0x00000150   Code   RO         4886    x$fpl$dadd          fz_ws.l(daddsub_clz.o)
    0x08027110   0x00000010   Code   RO         5213    x$fpl$dcheck1       fz_ws.l(dcheck1.o)
    0x08027120   0x00000018   Code   RO         5215    x$fpl$dcmpinf       fz_ws.l(dcmpi.o)
    0x08027138   0x000002b0   Code   RO         4893    x$fpl$ddiv          fz_ws.l(ddiv.o)
    0x080273e8   0x00000078   Code   RO         4896    x$fpl$deqf          fz_ws.l(deqf.o)
    0x08027460   0x0000005e   Code   RO         4898    x$fpl$dfix          fz_ws.l(dfix.o)
    0x080274be   0x00000002   PAD
    0x080274c0   0x0000005a   Code   RO         4906    x$fpl$dfixu         fz_ws.l(dfixu.o)
    0x0802751a   0x0000002e   Code   RO         4911    x$fpl$dflt          fz_ws.l(dflt_clz.o)
    0x08027548   0x000000a2   Code   RO         4916    x$fpl$dfltll        fz_ws.l(dfltll_clz.o)
    0x080275ea   0x00000026   Code   RO         4910    x$fpl$dfltu         fz_ws.l(dflt_clz.o)
    0x08027610   0x00000078   Code   RO         4920    x$fpl$dleqf         fz_ws.l(dleqf.o)
    0x08027688   0x00000154   Code   RO         4922    x$fpl$dmul          fz_ws.l(dmul.o)
    0x080277dc   0x0000009c   Code   RO         5217    x$fpl$dnaninf       fz_ws.l(dnaninf.o)
    0x08027878   0x0000000c   Code   RO         5219    x$fpl$dretinf       fz_ws.l(dretinf.o)
    0x08027884   0x0000006c   Code   RO         4924    x$fpl$drleqf        fz_ws.l(drleqf.o)
    0x080278f0   0x00000016   Code   RO         4887    x$fpl$drsb          fz_ws.l(daddsub_clz.o)
    0x08027906   0x00000002   PAD
    0x08027908   0x000001cc   Code   RO         5221    x$fpl$dsqrt         fz_ws.l(dsqrt_noumaal.o)
    0x08027ad4   0x000001d4   Code   RO         4888    x$fpl$dsub          fz_ws.l(daddsub_clz.o)
    0x08027ca8   0x00000056   Code   RO         4926    x$fpl$f2d           fz_ws.l(f2d.o)
    0x08027cfe   0x00000002   PAD
    0x08027d00   0x000000c4   Code   RO         4928    x$fpl$fadd          fz_ws.l(faddsub_clz.o)
    0x08027dc4   0x0000000c   Code   RO         5223    x$fpl$fcheck1       fz_ws.l(fcheck1.o)
    0x08027dd0   0x00000018   Code   RO         5225    x$fpl$fcmpinf       fz_ws.l(fcmpi.o)
    0x08027de8   0x00000184   Code   RO         4935    x$fpl$fdiv          fz_ws.l(fdiv.o)
    0x08027f6c   0x00000068   Code   RO         4938    x$fpl$feqf          fz_ws.l(feqf.o)
    0x08027fd4   0x00000036   Code   RO         4940    x$fpl$ffix          fz_ws.l(ffix.o)
    0x0802800a   0x00000002   PAD
    0x0802800c   0x0000003e   Code   RO         4944    x$fpl$ffixu         fz_ws.l(ffixu.o)
    0x0802804a   0x00000002   PAD
    0x0802804c   0x00000030   Code   RO         4949    x$fpl$fflt          fz_ws.l(fflt_clz.o)
    0x0802807c   0x00000060   Code   RO         4954    x$fpl$ffltll        fz_ws.l(ffltll_clz.o)
    0x080280dc   0x00000026   Code   RO         4948    x$fpl$ffltu         fz_ws.l(fflt_clz.o)
    0x08028102   0x00000002   PAD
    0x08028104   0x00000068   Code   RO         4956    x$fpl$fleqf         fz_ws.l(fleqf.o)
    0x0802816c   0x00000102   Code   RO         4958    x$fpl$fmul          fz_ws.l(fmul.o)
    0x0802826e   0x0000008c   Code   RO         5227    x$fpl$fnaninf       fz_ws.l(fnaninf.o)
    0x080282fa   0x0000000a   Code   RO         5229    x$fpl$fretinf       fz_ws.l(fretinf.o)
    0x08028304   0x00000062   Code   RO         4960    x$fpl$frleqf        fz_ws.l(frleqf.o)
    0x08028366   0x00000014   Code   RO         4929    x$fpl$frsb          fz_ws.l(faddsub_clz.o)
    0x0802837a   0x00000002   PAD
    0x0802837c   0x000000ea   Code   RO         4930    x$fpl$fsub          fz_ws.l(faddsub_clz.o)
    0x08028466   0x00000002   PAD
    0x08028468   0x000000c2   Code   RO         4902    x$fpl$llsfromd      fz_ws.l(dfixll.o)
    0x0802852a   0x00000004   Code   RO         5231    x$fpl$printf1       fz_ws.l(printf1.o)
    0x0802852e   0x00000004   Code   RO         5233    x$fpl$printf2       fz_ws.l(printf2.o)
    0x08028532   0x00000064   Code   RO         5381    x$fpl$retnan        fz_ws.l(retnan.o)
    0x08028596   0x0000005c   Code   RO         4962    x$fpl$scalbn        fz_ws.l(scalbn.o)
    0x080285f2   0x0000004c   Code   RO         4964    x$fpl$scalbnf       fz_ws.l(scalbnf.o)
    0x0802863e   0x00000004   Code   RO         5239    x$fpl$scanf1        fz_ws.l(scanf1.o)
    0x08028642   0x00000008   Code   RO         5433    x$fpl$scanf2        fz_ws.l(scanf2.o)
    0x0802864a   0x00000030   Code   RO         5439    x$fpl$trapveneer    fz_ws.l(trapv.o)
    0x0802867a   0x00000000   Code   RO         5241    x$fpl$usenofp       fz_ws.l(usenofp.o)
    0x0802867a   0x00000948   Data   RO          482    .constdata          gui.o
    0x08028fc2   0x00000002   PAD
    0x08028fc4   0x00000059   Data   RO          515    .constdata          bitmap.o
    0x0802901d   0x00000018   Data   RO          589    .constdata          buffer.o
    0x08029035   0x00000003   PAD
    0x08029038   0x00000074   Data   RO          611    .constdata          button_1.o
    0x080290ac   0x000000e8   Data   RO          841    .constdata          check_button.o
    0x08029194   0x0000000d   Data   RO          861    .constdata          color.o
    0x080291a1   0x00000003   PAD
    0x080291a4   0x00000074   Data   RO          874    .constdata          dialog.o
    0x08029218   0x0000001a   Data   RO         1023    .constdata          emitter.o
    0x08029232   0x00000002   PAD
    0x08029234   0x00000930   Data   RO         1042    .constdata          enums.o
    0x08029b64   0x0000000d   Data   RO         1072    .constdata          font.o
    0x08029b71   0x00000014   Data   RO         1088    .constdata          font_manager.o
    0x08029b85   0x00000003   PAD
    0x08029b88   0x00000074   Data   RO         1154    .constdata          group_box.o
    0x08029bfc   0x00000074   Data   RO         1172    .constdata          image.o
    0x08029c70   0x00000027   Data   RO         1195    .constdata          image_manager.o
    0x08029c97   0x00000001   PAD
    0x08029c98   0x00000074   Data   RO         1246    .constdata          label.o
    0x08029d0c   0x00000074   Data   RO         1338    .constdata          progress_bar.o
    0x08029d80   0x0000000c   Data   RO         1358    .constdata          rect.o
    0x08029d8c   0x0000000d   Data   RO         1374    .constdata          theme.o
    0x08029d99   0x00000100   Data   RO         1392    .constdata          utf8.o
    0x08029e99   0x00000003   PAD
    0x08029e9c   0x00000004   Data   RO         1393    .constdata          utf8.o
    0x08029ea0   0x0000001d   Data   RO         1408    .constdata          value.o
    0x08029ebd   0x00000013   Data   RO         1421    .constdata          widget.o
    0x08029ed0   0x00000074   Data   RO         1527    .constdata          widget_vtable.o
    0x08029f44   0x00000074   Data   RO         1596    .constdata          window.o
    0x08029fb8   0x00000014   Data   RO         1699    .constdata          wstr.o
    0x08029fcc   0x00000022   Data   RO         1721    .constdata          utils.o
    0x08029fee   0x00000013   Data   RO         1851    .constdata          event_queue.o
    0x0802a001   0x00000003   PAD
    0x0802a004   0x00000074   Data   RO         1885    .constdata          slider.o
    0x0802a078   0x0000002c   Data   RO         1920    .constdata          system_info.o
    0x0802a0a4   0x00000017   Data   RO         1995    .constdata          str.o
    0x0802a0bb   0x00000001   PAD
    0x0802a0bc   0x00000074   Data   RO         2030    .constdata          pages.o
    0x0802a130   0x00000074   Data   RO         2050    .constdata          edit.o
    0x0802a1a4   0x00000074   Data   RO         2077    .constdata          view.o
    0x0802a218   0x0000002e   Data   RO         2110    .constdata          widget_factory.o
    0x0802a246   0x00000002   PAD
    0x0802a248   0x00000074   Data   RO         2182    .constdata          spin_box.o
    0x0802a2bc   0x00000074   Data   RO         2201    .constdata          dragger.o
    0x0802a330   0x00000074   Data   RO         2221    .constdata          dialog_client.o
    0x0802a3a4   0x00000074   Data   RO         2239    .constdata          dialog_title.o
    0x0802a418   0x00000019   Data   RO         2602    .constdata          input_method_creator.o
    0x0802a431   0x00000003   PAD
    0x0802a434   0x00000074   Data   RO         2618    .constdata          button_group.o
    0x0802a4a8   0x0000008c   Data   RO         2654    .constdata          combo_box.o
    0x0802a534   0x00000074   Data   RO         2696    .constdata          combo_box_item.o
    0x0802a5a8   0x0000000a   Data   RO         2728    .constdata          fs.o
    0x0802a5b2   0x00000002   PAD
    0x0802a5b4   0x00000074   Data   RO         2787    .constdata          popup.o
    0x0802a628   0x00000074   Data   RO         2836    .constdata          tab_button.o
    0x0802a69c   0x00000074   Data   RO         2856    .constdata          tab_button_group.o
    0x0802a710   0x00000074   Data   RO         2877    .constdata          tab_control.o
    0x0802a784   0x00000004   Data   RO         3062    .constdata          ui_loader_default.o
    0x0802a788   0x00000074   Data   RO         3175    .constdata          color_tile.o
    0x0802a7fc   0x00000016   Data   RO         3195    .constdata          assets_manager.o
    0x0802a812   0x00000013   Data   RO         3210    .constdata          locale_info.o
    0x0802a825   0x00000003   PAD
    0x0802a828   0x00000074   Data   RO         3237    .constdata          app_bar.o
    0x0802a89c   0x00000074   Data   RO         3255    .constdata          column.o
    0x0802a910   0x00000074   Data   RO         3273    .constdata          grid.o
    0x0802a984   0x00000074   Data   RO         3291    .constdata          row.o
    0x0802a9f8   0x00000074   Data   RO         3309    .constdata          calibration_win.o
    0x0802aa6c   0x00000013   Data   RO         3327    .constdata          font_loader_bitmap.o
    0x0802aa7f   0x00000001   PAD
    0x0802aa80   0x00000074   Data   RO         3371    .constdata          window_base.o
    0x0802aaf4   0x00000033   Data   RO         3419    .constdata          style_const.o
    0x0802ab27   0x00000001   PAD
    0x0802ab28   0x0000002a   Data   RO         3474    .constdata          clip_board_default.o
    0x0802ab52   0x00000002   PAD
    0x0802ab54   0x00000074   Data   RO         3508    .constdata          image_base.o
    0x0802abc8   0x00000074   Data   RO         3522    .constdata          grid_item.o
    0x0802ac3c   0x00000026   Data   RO         3540    .constdata          input_device_status.o
    0x0802ac62   0x00000002   PAD
    0x0802ac64   0x00000074   Data   RO         3554    .constdata          system_bar.o
    0x0802acd8   0x0000003d   Data   RO         3574    .constdata          children_layouter_default.o
    0x0802ad15   0x00000003   PAD
    0x0802ad18   0x00000035   Data   RO         3595    .constdata          self_layouter_default.o
    0x0802ad4d   0x0000000d   Data   RO         3685    .constdata          event.o
    0x0802ad5a   0x00000013   Data   RO         3698    .constdata          named_value.o
    0x0802ad6d   0x0000000e   Data   RO         3714    .constdata          object.o
    0x0802ad7b   0x00000001   PAD
    0x0802ad7c   0x00000058   Data   RO         3727    .constdata          object_default.o
    0x0802add4   0x0000002c   Data   RO         3766    .constdata          timer_info.o
    0x0802ae00   0x00000015   Data   RO         3790    .constdata          timer_manager.o
    0x0802ae15   0x00000014   Data   RO         3805    .constdata          idle_manager.o
    0x0802ae29   0x00000003   PAD
    0x0802ae2c   0x0000002c   Data   RO         3826    .constdata          idle_info.o
    0x0802ae58   0x0000001f   Data   RO         3841    .constdata          slist.o
    0x0802ae77   0x00000028   Data   RO         3857    .constdata          darray.o
    0x0802ae9f   0x00000001   PAD
    0x0802aea0   0x00000118   Data   RO         3870    .constdata          expr_eval.o
    0x0802afb8   0x00000040   Data   RO         3908    .constdata          window_animator_factory.o
    0x0802aff8   0x0000001a   Data   RO         3923    .constdata          dialog_highlighter.o
    0x0802b012   0x00000046   Data   RO         3936    .constdata          dialog_highlighter_factory.o
    0x0802b058   0x00000044   Data   RO         4038    .constdata          children_layouter_factory.o
    0x0802b09c   0x0000003c   Data   RO         4053    .constdata          self_layouter_factory.o
    0x0802b0d8   0x00000074   Data   RO         4068    .constdata          overlay.o
    0x0802b14c   0x0000005f   Data   RO         4100    .constdata          style_mutable.o
    0x0802b1ab   0x0000001d   Data   RO         4153    .constdata          text_edit.o
    0x0802b1c8   0x00000032   Data   RO         4280    .constdata          self_layouter_menu.o
    0x0802b1fa   0x00000013   Data   RO         4298    .constdata          hscrollable.o
    0x0802b20d   0x00000003   PAD
    0x0802b210   0x0000004c   Data   RO         4323    .constdata          native_window_raw.o
    0x0802b25c   0x0000008a   Data   RO         4342    .constdata          window_manager_default.o
    0x0802b2e6   0x00000002   PAD
    0x0802b2e8   0x00027a88   Data   RO         4771    .constdata          assets-mini.o
    0x08052d70   0x00000050   Data   RO         4968    .constdata          m_ws.l(acos.o)
    0x08052dc0   0x00000050   Data   RO         4978    .constdata          m_ws.l(asin.o)
    0x08052e10   0x00000098   Data   RO         4988    .constdata          m_ws.l(atan.o)
    0x08052ea8   0x00000058   Data   RO         5014    .constdata          m_ws.l(exp.o)
    0x08052f00   0x00000038   Data   RO         5028    .constdata          m_ws.l(log.o)
    0x08052f38   0x00000008   Data   RO         5116    .constdata          c_w.l(_printf_wctomb.o)
    0x08052f40   0x00000028   Data   RO         5145    .constdata          c_w.l(_printf_hex_int_ll_ptr.o)
    0x08052f68   0x00000011   Data   RO         5165    .constdata          c_w.l(__printf_flags_ss_wp.o)
    0x08052f79   0x00000007   PAD
    0x08052f80   0x00000030   Data   RO         5243    .constdata          m_ws.l(cos_i.o)
    0x08052fb0   0x00000008   Data   RO         5263    .constdata          m_ws.l(qnan.o)
    0x08052fb8   0x000000c8   Data   RO         5266    .constdata          m_ws.l(rred.o)
    0x08053080   0x00000028   Data   RO         5270    .constdata          m_ws.l(sin_i.o)
    0x080530a8   0x00000060   Data   RO         5276    .constdata          m_ws.l(tan_i.o)
    0x08053108   0x00000026   Data   RO         5312    .constdata          c_w.l(_printf_fp_hex.o)
    0x0805312e   0x00000002   PAD
    0x08053130   0x00000094   Data   RO         5388    .constdata          c_w.l(bigflt0.o)
    0x080531c4   0x00000007   Data   RO          612    .conststring        button_1.o
    0x080531cb   0x00000001   PAD
    0x080531cc   0x00000007   Data   RO          613    .conststring        button_1.o
    0x080531d3   0x00000001   PAD
    0x080531d4   0x00000006   Data   RO          842    .conststring        check_button.o
    0x080531da   0x00000002   PAD
    0x080531dc   0x0000001d   Data   RO          843    .conststring        check_button.o
    0x080531f9   0x00000003   PAD
    0x080531fc   0x0000005c   Data   RO          875    .conststring        dialog.o
    0x08053258   0x00000007   Data   RO          876    .conststring        dialog.o
    0x0805325f   0x00000001   PAD
    0x08053260   0x00000552   Data   RO         1043    .conststring        enums.o
    0x080537b2   0x00000002   PAD
    0x080537b4   0x0000000a   Data   RO         1155    .conststring        group_box.o
    0x080537be   0x00000002   PAD
    0x080537c0   0x00000055   Data   RO         1173    .conststring        image.o
    0x08053815   0x00000003   PAD
    0x08053818   0x00000006   Data   RO         1247    .conststring        label.o
    0x0805381e   0x00000002   PAD
    0x08053820   0x0000001c   Data   RO         1339    .conststring        progress_bar.o
    0x0805383c   0x0000000d   Data   RO         1340    .conststring        progress_bar.o
    0x08053849   0x00000003   PAD
    0x0805384c   0x00000090   Data   RO         1422    .conststring        widget.o
    0x080538dc   0x00000007   Data   RO         1528    .conststring        widget_vtable.o
    0x080538e3   0x00000001   PAD
    0x080538e4   0x0000000b   Data   RO         1597    .conststring        window.o
    0x080538ef   0x00000001   PAD
    0x080538f0   0x00000007   Data   RO         1598    .conststring        window.o
    0x080538f7   0x00000001   PAD
    0x080538f8   0x00000009   Data   RO         1886    .conststring        slider.o
    0x08053901   0x00000003   PAD
    0x08053904   0x00000007   Data   RO         1887    .conststring        slider.o
    0x0805390b   0x00000001   PAD
    0x0805390c   0x0000000c   Data   RO         1921    .conststring        system_info.o
    0x08053918   0x00000006   Data   RO         2032    .conststring        pages.o
    0x0805391e   0x00000002   PAD
    0x08053920   0x0000007d   Data   RO         2051    .conststring        edit.o
    0x0805399d   0x00000003   PAD
    0x080539a0   0x00000005   Data   RO         2052    .conststring        edit.o
    0x080539a5   0x00000003   PAD
    0x080539a8   0x00000005   Data   RO         2078    .conststring        view.o
    0x080539ad   0x00000003   PAD
    0x080539b0   0x00000009   Data   RO         2183    .conststring        spin_box.o
    0x080539b9   0x00000003   PAD
    0x080539bc   0x0000001e   Data   RO         2202    .conststring        dragger.o
    0x080539da   0x00000002   PAD
    0x080539dc   0x00000008   Data   RO         2203    .conststring        dragger.o
    0x080539e4   0x0000000e   Data   RO         2222    .conststring        dialog_client.o
    0x080539f2   0x00000002   PAD
    0x080539f4   0x0000000d   Data   RO         2240    .conststring        dialog_title.o
    0x08053a01   0x00000003   PAD
    0x08053a04   0x00000a61   Data   RO         2636    .conststring        color_parser.o
    0x08054465   0x00000003   PAD
    0x08054468   0x0000001b   Data   RO         2655    .conststring        combo_box.o
    0x08054483   0x00000001   PAD
    0x08054484   0x0000000a   Data   RO         2656    .conststring        combo_box.o
    0x0805448e   0x00000002   PAD
    0x08054490   0x0000000f   Data   RO         2697    .conststring        combo_box_item.o
    0x0805449f   0x00000001   PAD
    0x080544a0   0x0000002d   Data   RO         2788    .conststring        popup.o
    0x080544cd   0x00000003   PAD
    0x080544d0   0x00000006   Data   RO         2789    .conststring        popup.o
    0x080544d6   0x00000002   PAD
    0x080544d8   0x0000000b   Data   RO         2838    .conststring        tab_button.o
    0x080544e3   0x00000001   PAD
    0x080544e4   0x00000011   Data   RO         2857    .conststring        tab_button_group.o
    0x080544f5   0x00000003   PAD
    0x080544f8   0x0000000c   Data   RO         2878    .conststring        tab_control.o
    0x08054504   0x00000019   Data   RO         3176    .conststring        color_tile.o
    0x0805451d   0x00000003   PAD
    0x08054520   0x0000000b   Data   RO         3177    .conststring        color_tile.o
    0x0805452b   0x00000001   PAD
    0x0805452c   0x00000008   Data   RO         3238    .conststring        app_bar.o
    0x08054534   0x00000007   Data   RO         3256    .conststring        column.o
    0x0805453b   0x00000001   PAD
    0x0805453c   0x00000004   Data   RO         3274    .conststring        grid.o
    0x08054540   0x00000010   Data   RO         3310    .conststring        calibration_win.o
    0x08054550   0x0000000b   Data   RO         3556    .conststring        system_bar.o
    0x0805455b   0x00000001   PAD
    0x0805455c   0x0000000f   Data   RO         3728    .conststring        object_default.o
    0x0805456b   0x00000001   PAD
    0x0805456c   0x0000000b   Data   RO         3767    .conststring        timer_info.o
    0x08054577   0x00000001   PAD
    0x08054578   0x0000000a   Data   RO         3827    .conststring        idle_info.o
    0x08054582   0x00000002   PAD
    0x08054584   0x0000016f   Data   RO         3871    .conststring        expr_eval.o
    0x080546f3   0x00000001   PAD
    0x080546f4   0x00000008   Data   RO         4070    .conststring        overlay.o
    0x080546fc   0x00000005   Data   RO         4281    .conststring        self_layouter_menu.o
    0x08054701   0x00000003   PAD
    0x08054704   0x00000012   Data   RO         4324    .conststring        native_window_raw.o
    0x08054716   0x00000002   PAD
    0x08054718   0x0000000f   Data   RO         4343    .conststring        window_manager_default.o
    0x08054727   0x00000001   PAD
    0x08054728   0x00000022   Data   RO         2760    .constwstring       line_break.o
    0x0805474a   0x00000002   PAD
    0x0805474c   0x00000020   Data   RO         5543    Region$$Table       anon$$obj.o
    0x0805476c   0x00000008   Data   RO         5426    c$$dinf             fz_ws.l(fpconst.o)
    0x08054774   0x00000110   Data   RO         5210    locale$$data        c_w.l(lc_ctype_c.o)
    0x08054884   0x0000001c   Data   RO         5333    locale$$data        c_w.l(lc_numeric_c.o)


    Execution Region RW_IRAM1 (Base: 0x20000000, Size: 0x00006f40, Max: 0x00010000, ABSOLUTE, COMPRESSED[0x0000047c])

    Base Addr    Size         Type   Attr      Idx    E Section Name        Object

    0x20000000   0x00000014   Data   RW          115    .data               system_stm32f10x.o
    0x20000014   0x00000014   Data   RW          254    .data               stm32f10x_rcc.o
    0x20000028   0x00000002   Data   RW          424    .data               lcd_driver.o
    0x2000002a   0x00000004   Data   RW          442    .data               tim.o
    0x2000002e   0x00000002   PAD
    0x20000030   0x00000008   Data   RW          614    .data               button_1.o
    0x20000038   0x00000008   Data   RW          844    .data               check_button.o
    0x20000040   0x0000001c   Data   RW          877    .data               dialog.o
    0x2000005c   0x00000004   Data   RW         1089    .data               font_manager.o
    0x20000060   0x00000028   Data   RW         1175    .data               image.o
    0x20000088   0x00000004   Data   RW         1196    .data               image_manager.o
    0x2000008c   0x00000004   Data   RW         1300    .data               main_loop.o
    0x20000090   0x00000008   Data   RW         1324    .data               mem.o
    0x20000098   0x00000014   Data   RW         1341    .data               progress_bar.o
    0x200000ac   0x00000004   Data   RW         1375    .data               theme.o
    0x200000b0   0x00000040   Data   RW         1423    .data               widget.o
    0x200000f0   0x00000020   Data   RW         1599    .data               window.o
    0x20000110   0x00000004   Data   RW         1616    .data               window_manager.o
    0x20000114   0x00000018   Data   RW         1888    .data               slider.o
    0x2000012c   0x00000004   Data   RW         1922    .data               system_info.o
    0x20000130   0x00000008   Data   RW         2033    .data               pages.o
    0x20000138   0x00000038   Data   RW         2053    .data               edit.o
    0x20000170   0x00000004   Data   RW         2111    .data               widget_factory.o
    0x20000174   0x00000004   Data   RW         2140    .data               input_method.o
    0x20000178   0x00000014   Data   RW         2204    .data               dragger.o
    0x2000018c   0x00000460   Data   RW         2637    .data               color_parser.o
    0x200005ec   0x0000003c   Data   RW         2657    .data               combo_box.o
    0x20000628   0x00000004   Data   RW         2761    .data               line_break.o
    0x2000062c   0x00000024   Data   RW         2790    .data               popup.o
    0x20000650   0x00000008   Data   RW         2839    .data               tab_button.o
    0x20000658   0x0000000c   Data   RW         3178    .data               color_tile.o
    0x20000664   0x00000004   Data   RW         3196    .data               assets_manager.o
    0x20000668   0x00000004   Data   RW         3211    .data               locale_info.o
    0x2000066c   0x00000008   Data   RW         3328    .data               font_loader_bitmap.o
    0x20000674   0x00000004   PAD
    0x20000678   0x00000008   Data   RW         3391    .data               time_now.o
    0x20000680   0x00000004   Data   RW         3436    .data               style_factory.o
    0x20000684   0x00000004   Data   RW         3491    .data               clip_board.o
    0x20000688   0x00000008   Data   RW         3557    .data               system_bar.o
    0x20000690   0x00000004   Data   RW         3791    .data               timer_manager.o
    0x20000694   0x00000004   Data   RW         3806    .data               idle_manager.o
    0x20000698   0x00000004   Data   RW         3909    .data               window_animator_factory.o
    0x2000069c   0x00000004   Data   RW         3937    .data               dialog_highlighter_factory.o
    0x200006a0   0x00000004   Data   RW         4039    .data               children_layouter_factory.o
    0x200006a4   0x00000004   Data   RW         4054    .data               self_layouter_factory.o
    0x200006a8   0x00000010   Data   RW         4071    .data               overlay.o
    0x200006b8   0x00000004   Data   RW         4325    .data               native_window_raw.o
    0x200006bc   0x0000004c   Data   RW         4344    .data               window_manager_default.o
    0x20000708   0x00000008   Data   RW         4457    .data               ui_feedback.o
    0x20000710   0x00000004   Data   RW         4698    .data               mutex_null.o
    0x20000714   0x00000004   PAD
    0x20000718   0x00000008   Data   RW         4715    .data               sys_tick.o
    0x20000720   0x00000018   Zero   RW          461    .bss                touch.o
    0x20000738   0x00000014   Zero   RW         1323    .bss                mem.o
    0x2000074c   0x00000014   Zero   RW         1966    .bss                image_loader.o
    0x20000760   0x0000005c   Zero   RW         2011    .bss                main_loop_simple.o
    0x200007bc   0x00000024   Zero   RW         3030    .bss                ui_builder_default.o
    0x200007e0   0x00004100   Zero   RW         4474    .bss                lcd_stm32_raw.o
    0x200048e0   0x00002000   Zero   RW         4684    .bss                platform.o
    0x200068e0   0x00000060   Zero   RW         5282    .bss                c_w.l(libspace.o)
    0x20006940   0x00000200   Zero   RW          223    HEAP                startup_stm32f10x_hd.o
    0x20006b40   0x00000400   Zero   RW          222    STACK               startup_stm32f10x_hd.o


==============================================================================

Image component sizes


      Code (inc. data)   RO Data    RW Data    ZI Data      Debug   Object Name

       916          4          0          0          0       4721   24c02.o
        48          4        124          0          0       1438   app_bar.o
       412        132     162440          0          0      11651   assets-mini.o
       776         38         22          4          0       7711   assets_manager.o
       892         20          0          0          0      49287   awtk_global.o
      1904         30         89          0          0      30233   bitmap.o
       996         10         24          0          0      12999   buffer.o
       928         66        130          8          0      58115   button_1.o
        56          4        116          0          0       1656   button_group.o
       708         24        132          0          0       5415   calibration_win.o
      7836         38          0          0          0      58531   canvas.o
       816         52        267          8          0       5509   check_button.o
       232          0          0          0          0       4510   children_layouter.o
        32         14          0          0          0       1946   children_layouter_builtins.o
      2148        196         61          0          0       7435   children_layouter_default.o
       236         18         68          4          0       3790   children_layouter_factory.o
       284         14          0          0          0       4489   children_layouter_parser.o
       196          8          0          4          0       3728   clip_board.o
       124          8         42          0          0       3524   clip_board_default.o
       344         70         13          0          0       3124   color.o
       644        102       2657       1120          0       3765   color_parser.o
       652         56        152         12          0       4601   color_tile.o
        48          4        123          0          0       1400   column.o
      2504        248        177         60          0      18311   combo_box.o
       740         62        131          0          0       5028   combo_box_item.o
         0          0          0          0          0         32   core_cm3.o
       800         12         40          0          0       6811   darray.o
      1056        250          0          0          0       3391   demo1_app.o
        28          0          0          0          0        564   demo_main.o
       644         60        215         28          0      54486   dialog.o
       100         22        130          0          0       1774   dialog_client.o
      1304        386          0          0          0       5190   dialog_helper.o
       332          6         26          0          0       2969   dialog_highlighter.o
       300         20         70          4          0       4623   dialog_highlighter_factory.o
        84         14        129          0          0       1820   dialog_title.o
       844         72        154         20          0       4956   dragger.o
      5880        330        246         56          0      24682   edit.o
       816          6         26          0          0       9052   emitter.o
       304         12       3714          0          0       9699   enums.o
       120          4         13          0          0       1998   event.o
       272          6         19          0          0       5640   event_queue.o
       556          0          0          0          0      31265   events.o
      4728        106        647          0          0      22566   expr_eval.o
       136          4         13          0          0       2826   font.o
        26          0          0          0          0       1535   font_loader.o
       312         28         19          8          0       5597   font_loader_bitmap.o
       392         18         20          4          0      27882   font_manager.o
       640         14         10          0          0       8655   fs.o
         4          0          0          0          0        452   fs_os.o
       268         16          0          0          0       3407   func_call_parser.o
        48          4        120          0          0       1380   grid.o
        48          4        116          0          0       1430   grid_item.o
        56          4        126          0          0       1614   group_box.o
      1316         12       2376          0          0       6183   gui.o
      1392         98         19          0          0       7643   hscrollable.o
       138          0          0          0          0       2241   idle.o
       116          6         54          0          0       2285   idle_info.o
       376         16         20          4          0       5803   idle_manager.o
       512         18        201         40          0       4886   image.o
      1444        126        116          0          0       6944   image_base.o
       152          6          0          0         20       7270   image_loader.o
       964         48         39          4          0      22931   image_manager.o
       852          4         38          0          0       3766   input_device_status.o
       116          0          0          0          0       1078   input_engine.o
         0          0          0          0          0        628   input_engine_null.o
       568          8          0          4          0       5614   input_method.o
        92         14         25          0          0       1587   input_method_creator.o
       952         44        122          0          0       8141   label.o
       500         56          0          0          0       5108   layout.o
       828          0          0          0          0      22981   lcd.o
      1472         26          0          2          0       4106   lcd_driver.o
         2          0          0          0          0      10757   lcd_profile.o
      1860         44          0          0      16640      32881   lcd_stm32_raw.o
        72          4         34          4          0       1528   line_break.o
       532         24         19          4          0       5010   locale_info.o
        56          0          0          0          0     208903   main.o
       196          6          0          4          0       4791   main_loop.o
       688         16          0          0         92       5193   main_loop_simple.o
       184         18          0          0          0      44669   main_loop_stm32_raw.o
       676         10          0          8         20       6051   mem.o
       184         12          0          0          0       1949   misc.o
        20          4          0          4          0       1773   mutex_null.o
       236          6         19          0          0       3267   named_value.o
       586          0          0          0          0       5647   native_window.o
       248         26         94          4          0       3647   native_window_raw.o
      1788         16         14          0          0      14656   object.o
      1078          4        103          0          0      15074   object_default.o
        48          4        124         16          0       1510   overlay.o
       504         20        122          8          0       4492   pages.o
       740          4          0          0          0       4782   path.o
        92         14          0          0       8192       1232   platform.o
       488         54        167         36          0       3840   popup.o
      1110         80        157         20          0       6346   progress_bar.o
       760          8         12          0          0       5116   rect.o
        48          4        116          0          0       1366   row.o
       212          0          0          0          0       4615   self_layouter.o
        56         24          0          0          0       1494   self_layouter_builtins.o
      1492        194         53          0          0       5884   self_layouter_default.o
       236         18         60          4          0       3702   self_layouter_factory.o
      1064          6         55          0          0       7193   self_layouter_menu.o
       132         10          0          0          0       3451   self_layouter_parser.o
      3288        160        132         24          0      11611   slider.o
       504         12         31          0          0       5682   slist.o
       300         68        125          0          0       2201   spin_box.o
        64         26        304          0       1536        800   startup_stm32f10x_hd.o
       236         10          0          0          0       2411   stm32f10x_exti.o
      1206         10          0          0          0       6007   stm32f10x_fsmc.o
       664         36          0          0          0       6217   stm32f10x_gpio.o
        52          6          0          0          0      51185   stm32f10x_it.o
       756         32          0         20          0       9344   stm32f10x_rcc.o
      3114         84          0          0          0      24992   stm32f10x_tim.o
      2204         64         23          0          0      13706   str.o
       700        130          0          0          0       5846   style.o
       384         76         51          0          0       4268   style_const.o
        36          6          0          4          0       4097   style_factory.o
      1348         38         95          0          0      12696   style_mutable.o
        64          6          0          8          0       1571   sys_tick.o
       328         40        127          8          0       3200   system_bar.o
      1156        198         56          4          0      25363   system_info.o
       372         34          0         20          0       1787   system_stm32f10x.o
      1104         92        127          8          0       6924   tab_button.o
      1360         80        133          0          0      10121   tab_button_group.o
        56          4        128          0          0       1642   tab_control.o
      7860        242         29          0          0      78337   text_edit.o
       484         16         13          4          0       4221   theme.o
       472         20          0          4          0       1901   tim.o
        60          4          0          8          0        673   time_now.o
       252          0          0          0          0       3220   timer.o
       132          6         55          0          0       3937   timer_info.o
       568         18         21          4          0       5755   timer_manager.o
       528          6          0          0          0       4415   tokenizer.o
      2144         60          0          0         24       7063   touch.o
         0          0          0          0          0        972   ui_binary_writer.o
       102          0          0          0          0       2672   ui_builder.o
       240         24          0          0         36       2729   ui_builder_default.o
        52          4          0          8          0       1851   ui_feedback.o
        96          0          0          0          0       1999   ui_loader.o
       264         10          4          0          0       2915   ui_loader_default.o
       592          4        260          0          0       5461   utf8.o
      1732         58         34          0          0      18547   utils.o
      2044         74         29          0          0      15020   value.o
       428          8          0          0          0       2721   velocity.o
      2118          4          0          0          0      32348   vgcanvas.o
        48          4        121          0          0       1380   view.o
     15380       1126        163         64          0     102823   widget.o
       312         16         46          4          0       4246   widget_factory.o
       764         62        123          0          0      34959   widget_vtable.o
       844        502          0          0          0       1790   widgets.o
       244         18        134         32          0       3022   window.o
       252         16         64          4          0       4183   window_animator_factory.o
      1644        224        116          0          0       6545   window_base.o
      1476         32          0          4          0      47150   window_manager.o
      3632        148        153         76          0      22896   window_manager_default.o
       172         10          0          0          0       2612   window_open.o
      1708         22         20          0          0      15267   wstr.o

    ----------------------------------------------------------------------
    137708       7682     179662       1824      26560    1754528   Object Totals
         0          0         32          0          0          0   (incl. Generated)
        20          0        133         10          0          0   (incl. Padding)

    ----------------------------------------------------------------------

      Code (inc. data)   RO Data    RW Data    ZI Data      Debug   Library Member Name

       100          0          0          0          0          0   __dclz77c.o
         8          0          0          0          0         68   __main.o
       392          4         17          0          0         92   __printf_flags_ss_wp.o
        14          0          0          0          0         68   __printf_wp.o
         0          0          0          0          0          0   __rtentry.o
        12          0          0          0          0          0   __rtentry2.o
         6          0          0          0          0          0   __rtentry4.o
        52          8          0          0          0          0   __scatter.o
        28          0          0          0          0          0   __scatter_zi.o
        28          0          0          0          0         68   _chval.o
        12          0          0          0          0         76   _iswspace.o
        60          0          0          0          0         92   _mbrtowc.o
         6          0          0          0          0          0   _printf_a.o
         6          0          0          0          0          0   _printf_c.o
        44          0          0          0          0        108   _printf_char.o
        48          6          0          0          0         96   _printf_char_common.o
        40          0          0          0          0         68   _printf_charcount.o
         6          0          0          0          0          0   _printf_d.o
       120         16          0          0          0         92   _printf_dec.o
         6          0          0          0          0          0   _printf_e.o
         6          0          0          0          0          0   _printf_f.o
      1050          0          0          0          0        216   _printf_fp_dec.o
       764         10         38          0          0        100   _printf_fp_hex.o
       128         16          0          0          0         84   _printf_fp_infnan.o
         6          0          0          0          0          0   _printf_g.o
       148          4         40          0          0        160   _printf_hex_int_ll_ptr.o
         6          0          0          0          0          0   _printf_i.o
       178          0          0          0          0         88   _printf_intcommon.o
        10          0          0          0          0          0   _printf_l.o
         6          0          0          0          0          0   _printf_lc.o
        10          0          0          0          0          0   _printf_ll.o
         6          0          0          0          0          0   _printf_lld.o
         6          0          0          0          0          0   _printf_lli.o
         6          0          0          0          0          0   _printf_llo.o
         6          0          0          0          0          0   _printf_llu.o
         6          0          0          0          0          0   _printf_llx.o
       124         16          0          0          0         92   _printf_longlong_dec.o
         6          0          0          0          0          0   _printf_ls.o
         6          0          0          0          0          0   _printf_n.o
         6          0          0          0          0          0   _printf_o.o
       112          8          0          0          0        124   _printf_oct_int_ll.o
         6          0          0          0          0          0   _printf_p.o
        78          0          0          0          0        108   _printf_pad.o
         0          0          0          0          0          0   _printf_percent.o
         4          0          0          0          0          0   _printf_percent_end.o
         6          0          0          0          0          0   _printf_s.o
        82          0          0          0          0         80   _printf_str.o
        36          0          0          0          0         84   _printf_truncate.o
         6          0          0          0          0          0   _printf_u.o
        44          0          0          0          0        108   _printf_wchar.o
       188          6          8          0          0         92   _printf_wctomb.o
         6          0          0          0          0          0   _printf_x.o
        22          0          0          0          0        100   _rserrno.o
       884          6          0          0          0        100   _scanf.o
       332          0          0          0          0         96   _scanf_int.o
       342          0          0          0          0        100   _scanf_longlong.o
       276          0          0          0          0        100   _scanf_mbtowc.o
       224          0          0          0          0         96   _scanf_str.o
        30          0          0          0          0         76   _scanf_wcharmap.o
       232          0          0          0          0        100   _scanf_wctomb.o
       208          0          0          0          0         96   _scanf_wstr.o
        64          0          0          0          0         84   _sgetc.o
        16          0          0          0          0         68   _snputc.o
        10          0          0          0          0         68   _sputc.o
       158          0          0          0          0         92   _strtoul.o
        64          0          0          0          0         92   _wcrtomb.o
       220          4        148          0          0         96   bigflt0.o
        80          0          0          0          0         88   bsearchnoex.o
      2074        132          0          0          0        940   btod.o
        12          0          0          0          0         72   exit.o
         6          0          0          0          0        152   heapauxi.o
         0          0          0          0          0          0   indicate_semi.o
        18          0          0          0          0         76   isspace.o
         4          0          0          0          0         68   iswspace.o
        44         10        272          0          0         76   lc_ctype_c.o
        44         10         28          0          0         76   lc_numeric_c.o
         2          0          0          0          0          0   libinit.o
        30          0          0          0          0          0   libinit2.o
         2          0          0          0          0          0   libshutdown.o
         2          0          0          0          0          0   libshutdown2.o
         8          4          0          0         96         68   libspace.o
        38          0          0          0          0         68   llshl.o
       138          0          0          0          0         80   lludiv10.o
       238          0          0          0          0        100   lludivv7m.o
        88          0          0          0          0         76   memcmp.o
        16          4          0          0          0         76   rt_ctype_table.o
         8          4          0          0          0         68   rt_errno_addr_intlibspace.o
         8          4          0          0          0         68   rt_locale_intlibspace.o
        68          0          0          0          0         68   rt_memclr.o
        78          0          0          0          0         80   rt_memclr_w.o
       138          0          0          0          0         68   rt_memcpy_v6.o
       100          0          0          0          0         80   rt_memcpy_w.o
       132          0          0          0          0         68   rt_memmove_v6.o
       122          0          0          0          0         80   rt_memmove_w.o
         2          0          0          0          0          0   rtexit.o
        10          0          0          0          0          0   rtexit2.o
        44          8          0          0          0         84   scanf_char.o
      1188         12          0          0          0        148   scanf_fp.o
       792         14          0          0          0        100   scanf_hexfp.o
       308         16          0          0          0        100   scanf_infnan.o
        20          0          0          0          0         68   strchr.o
       128          0          0          0          0         68   strcmpv7m.o
        72          0          0          0          0         80   strcpy.o
        62          0          0          0          0         76   strlen.o
       150          0          0          0          0         80   strncmp.o
        86          0          0          0          0         76   strncpy.o
        22          0          0          0          0         68   strrchr.o
        36          0          0          0          0         80   strstr.o
       160         12          0          0          0        120   strtod.o
       112          0          0          0          0         88   strtol.o
       114          0          0          0          0         92   strtoul.o
        12          4          0          0          0         68   sys_exit.o
        74          0          0          0          0         80   sys_stackheap_outer.o
        26          0          0          0          0         76   tolower.o
        30          0          0          0          0         76   toupper.o
         2          0          0          0          0         68   use_no_semi.o
        52          4          0          0          0         80   vsnprintf.o
        52          8          0          0          0         80   vsscanf.o
       100          0          0          0          0         76   wclass_c.o
        22          0          0          0          0         68   wcschr.o
        24          0          0          0          0         68   wcscmp.o
        18          0          0          0          0         68   wcscpy.o
        18          0          0          0          0         68   wcslen.o
        98          4          0          0          0         92   d2f.o
       826         16          0          0          0        348   daddsub_clz.o
        16          4          0          0          0         68   dcheck1.o
        24          0          0          0          0         68   dcmpi.o
       688        140          0          0          0        208   ddiv.o
       120          4          0          0          0         92   deqf.o
        94          4          0          0          0         92   dfix.o
       194          4          0          0          0        116   dfixll.o
        90          4          0          0          0         92   dfixu.o
        84          0          0          0          0        136   dflt_clz.o
       162          0          0          0          0         84   dfltll_clz.o
       120          4          0          0          0         92   dleqf.o
       340         12          0          0          0        104   dmul.o
       156          4          0          0          0         92   dnaninf.o
        12          0          0          0          0         68   dretinf.o
       108          0          0          0          0         80   drleqf.o
       460         56          0          0          0        120   dsqrt_noumaal.o
        86          4          0          0          0         84   f2d.o
       450          8          0          0          0        236   faddsub_clz.o
        12          4          0          0          0         68   fcheck1.o
        24          0          0          0          0         68   fcmpi.o
       388         76          0          0          0         96   fdiv.o
       104          4          0          0          0         84   feqf.o
        54          4          0          0          0         84   ffix.o
        62          4          0          0          0         84   ffixu.o
        86          0          0          0          0        136   fflt_clz.o
        96          0          0          0          0         84   ffltll_clz.o
       104          4          0          0          0         84   fleqf.o
       258          4          0          0          0         84   fmul.o
       140          4          0          0          0         84   fnaninf.o
         0          0          8          0          0          0   fpconst.o
        10          0          0          0          0         68   fretinf.o
        98          0          0          0          0         68   frleqf.o
         4          0          0          0          0         68   printf1.o
         4          0          0          0          0         68   printf2.o
       100          0          0          0          0         68   retnan.o
        92          0          0          0          0         68   scalbn.o
        76          0          0          0          0         68   scalbnf.o
         4          0          0          0          0         68   scanf1.o
         8          0          0          0          0         84   scanf2.o
        48          0          0          0          0         68   trapv.o
         0          0          0          0          0          0   usenofp.o
       636         62         80          0          0        188   acos.o
       624         52         80          0          0        168   asin.o
       544         70        152          0          0        124   atan.o
        42          0          0          0          0         84   atof.o
       220         16          0          0          0         84   ceil.o
       156          8          0          0          0        104   cos.o
       252         22         48          0          0        124   cos_i.o
        64         10          0          0          0        340   dunder.o
       644         90         88          0          0        204   exp.o
       220         16          0          0          0         84   floor.o
        40          0          0          0          0         68   fpclassify.o
        88          8          0          0          0         76   frexp.o
       138          0          0          0          0        160   ldexp.o
       860         52         56          0          0        256   log.o
       228         30          0          0          0        120   log10.o
       152          4          0          0          0        168   narrow.o
       170          0          0          0          0         96   poly.o
         0          0          8          0          0          0   qnan.o
       904         76        200          0          0        140   rred.o
       160         10          0          0          0        108   sin.o
       236         12         40          0          0        128   sin_i.o
        76          0          0          0          0         84   sqrt.o
       100         10          0          0          0         96   tan.o
       636         50         96          0          0        168   tan_i.o

    ----------------------------------------------------------------------
     27486       1320       1416          0         96      15424   Library Totals
        40          0          9          0          0          0   (incl. Padding)

    ----------------------------------------------------------------------

      Code (inc. data)   RO Data    RW Data    ZI Data      Debug   Library Name

     14356        350        551          0         96       8328   c_w.l
      5900        372          8          0          0       3924   fz_ws.l
      7190        598        848          0          0       3172   m_ws.l

    ----------------------------------------------------------------------
     27486       1320       1416          0         96      15424   Library Totals

    ----------------------------------------------------------------------

==============================================================================


      Code (inc. data)   RO Data    RW Data    ZI Data      Debug   

    165194       9002     181078       1824      26656    1747016   Grand Totals
    165194       9002     181078       1148      26656    1747016   ELF Image Totals (compressed)
    165194       9002     181078       1148          0          0   ROM Totals

==============================================================================

    Total RO  Size (Code + RO Data)               346272 ( 338.16kB)
    Total RW  Size (RW Data + ZI Data)             28480 (  27.81kB)
    Total ROM Size (Code + RO Data + RW Data)     347420 ( 339.28kB)

==============================================================================

